// Jest Snapshot v1, https://goo.gl/fbAQLP

exports[`<TroopInformation /> Should render troop information and match the snapshot 1`] = `
<View
  style={
    Object {
      "alignItems": "center",
      "flexDirection": "row",
    }
  }
>
  <Image
    source={1}
    style={
      Object {
        "borderRadius": 10,
        "height": 80,
        "marginRight": 24,
        "width": 80,
      }
    }
  />
  <View>
    <View
      style={
        Object {
          "flexDirection": "row",
        }
      }
    >
      <Text
        style={
          Object {
            "fontSize": 15,
            "lineHeight": 20,
          }
        }
      >
        Attack: 10
      </Text>
      <Image
        resizeMode="contain"
        source={1}
        style={
          Object {
            "height": 16,
            "width": 16,
          }
        }
      />
    </View>
    <View
      style={
        Object {
          "flexDirection": "row",
        }
      }
    >
      <Text
        style={
          Object {
            "fontSize": 15,
            "lineHeight": 20,
          }
        }
      >
        Defence: 10
      </Text>
      <Image
        resizeMode="contain"
        source={1}
        style={
          Object {
            "height": 16,
            "width": 16,
          }
        }
      />
    </View>
    <View
      style={
        Object {
          "flexDirection": "row",
        }
      }
    >
      <Text
        style={
          Object {
            "fontSize": 15,
            "lineHeight": 20,
          }
        }
      >
        Sustenance: 10
      </Text>
      <Image
        resizeMode="contain"
        source={1}
        style={
          Object {
            "height": 16,
            "width": 16,
          }
        }
      />
    </View>
  </View>
</View>
`;
