// Jest Snapshot v1, https://goo.gl/fbAQLP

exports[`<Menu /> Should render menu and match the snapshot 1`] = `
<CardView
  style={
    Object {
      "height": 150,
      "marginBottom": 0,
      "padding": 0,
    }
  }
>
  <View
    style={
      Object {
        "borderBottomColor": "rgba(0,0,0,0.08)",
        "borderBottomWidth": 1,
        "flexDirection": "row",
        "justifyContent": "space-between",
        "marginHorizontal": 10,
      }
    }
  >
    <View
      style={
        Object {
          "paddingVertical": 7,
        }
      }
    >
      <Text
        style={
          Object {
            "fontSize": 14,
            "fontWeight": "bold",
          }
        }
      >
        My Kingdom
      </Text>
    </View>
    <Resources />
  </View>
  <View
    style={
      Object {
        "flex": 1,
        "flexDirection": "row",
        "padding": 10,
      }
    }
  >
    <MenuItem
      activeComponent=""
      name="Buildings"
      onPress={[Function]}
      src={1}
    />
    <MenuItem
      activeComponent=""
      name="Troops"
      onPress={[Function]}
      src={1}
    />
    <MenuItem
      activeComponent=""
      name="Battle"
      onPress={[Function]}
      src={1}
    />
    <MenuItem
      activeComponent=""
      name="Leaderboard"
      onPress={[Function]}
      src={1}
    />
  </View>
</CardView>
`;
